Microsoft (R) Build Engine version 16.11.2+f32259642 for .NET Framework
Copyright (C) Microsoft Corporation. All rights reserved.

Building the projects in this solution one at a time. To enable parallel build, please add the "-m" switch.
Build started 3/29/2026 12:36:32 AM.
Project "E:\MouseShifter Source\MouseShifter Refactor\MouseShifter\MouseShifter.sln" on node 1 (Rebuild target(s)).
ValidateSolutionConfiguration:
  Building solution configuration "Release|x64".
Project "E:\MouseShifter Source\MouseShifter Refactor\MouseShifter\MouseShifter.sln" (1) is building "E:\MouseShifter Source\MouseShifter Refactor\MouseShifter\MouseShifter\MouseShifter.vcxproj" (2) on node 1 (Rebuild target(s)).
_PrepareForClean:
  Deleting file "x64\Release\MouseShifter.tlog\MouseShifter.lastbuildstate".
InitializeBuildStatus:
  Touching "x64\Release\MouseShifter.tlog\unsuccessfulbuild".
ClCompile:
  C:\Program Files (x86)\Microsoft Visual Studio\2019\Community\VC\Tools\MSVC\14.29.30133\bin\HostX86\x64\CL.exe /c /I"E:\MouseShifter Source\MouseShifter Refactor\MouseShifter\packages\JsonCpp.Windows.1.9.2\build\native\include" /I"E:\MouseShifter Source\MouseShifter Refactor\MouseShifter\MouseShifter\\" /I"E:\MouseShifter Source\MouseShifter Refactor\MouseShifter\MouseShifter\SDL2 LIBS\include" /I"E:\MouseShifter Source\MouseShifter Refactor\MouseShifter\MouseShifter\vJoy" /I"E:\MouseShifter Source\MouseShifter Refactor\MouseShifter\MouseShifter\Resources" /Zi /nologo /W3 /WX- /diagnostics:column /sdl /O2 /Oi /GL /D NDEBUG /D _WINDOWS /D _UNICODE /D UNICODE /Gm- /EHsc /MD /GS /Gy /fp:precise /permissive- /Zc:wchar_t /Zc:forScope /Zc:inline /std:c++17 /Fo"x64\Release\\" /Fd"x64\Release\vc142.pdb" /external:W3 /Gd /TP /FC /errorReport:queue MouseShifter.cpp
  MouseShifter.cpp
  C:\Program Files (x86)\Windows Kits\10\Include\10.0.19041.0\um\dinput.h: DIRECTINPUT_VERSION undefined. Defaulting to version 0x0800
E:\MouseShifter Source\MouseShifter Refactor\MouseShifter\MouseShifter\Core\Globals\Globals_Logic_Toggles.cpp(84,10): warning C4101: 'buf': unreferenced local variable [E:\MouseShifter Source\MouseShifter Refactor\MouseShifter\MouseShifter\MouseShifter.vcxproj]
E:\MouseShifter Source\MouseShifter Refactor\MouseShifter\MouseShifter\Input\VJoy\VJoy_GearControl.cpp(30,41): warning C4244: 'argument': conversion from 'WORD' to 'UCHAR', possible loss of data [E:\MouseShifter Source\MouseShifter Refactor\MouseShifter\MouseShifter\MouseShifter.vcxproj]
E:\MouseShifter Source\MouseShifter Refactor\MouseShifter\MouseShifter\Input\VJoy\VJoy_GearControl.cpp(53,38): warning C4244: 'argument': conversion from 'WORD' to 'UCHAR', possible loss of data [E:\MouseShifter Source\MouseShifter Refactor\MouseShifter\MouseShifter\MouseShifter.vcxproj]
E:\MouseShifter Source\MouseShifter Refactor\MouseShifter\MouseShifter\Input\VJoy\VJoy_GearControl.cpp(93,41): warning C4244: 'argument': conversion from 'WORD' to 'UCHAR', possible loss of data [E:\MouseShifter Source\MouseShifter Refactor\MouseShifter\MouseShifter\MouseShifter.vcxproj]
E:\MouseShifter Source\MouseShifter Refactor\MouseShifter\MouseShifter\UI\Drawing\Drawing_Gears.cpp(61,32): warning C4244: 'argument': conversion from 'int' to 'Gdiplus::REAL', possible loss of data [E:\MouseShifter Source\MouseShifter Refactor\MouseShifter\MouseShifter\MouseShifter.vcxproj]
E:\MouseShifter Source\MouseShifter Refactor\MouseShifter\MouseShifter\UI\Drawing\Drawing_Gears.cpp(79,95): warning C4244: 'argument': conversion from 'int' to 'Gdiplus::REAL', possible loss of data [E:\MouseShifter Source\MouseShifter Refactor\MouseShifter\MouseShifter\MouseShifter.vcxproj]
E:\MouseShifter Source\MouseShifter Refactor\MouseShifter\MouseShifter\UI\Drawing\Drawing_Gears.cpp(79,90): warning C4244: 'argument': conversion from 'int' to 'Gdiplus::REAL', possible loss of data [E:\MouseShifter Source\MouseShifter Refactor\MouseShifter\MouseShifter\MouseShifter.vcxproj]
E:\MouseShifter Source\MouseShifter Refactor\MouseShifter\MouseShifter\UI\Drawing\Drawing_Gears.cpp(79,36): warning C4244: 'argument': conversion from 'LONG' to 'Gdiplus::REAL', possible loss of data [E:\MouseShifter Source\MouseShifter Refactor\MouseShifter\MouseShifter\MouseShifter.vcxproj]
E:\MouseShifter Source\MouseShifter Refactor\MouseShifter\MouseShifter\UI\Drawing\Drawing_Gears.cpp(91,84): warning C4244: 'argument': conversion from 'int' to 'Gdiplus::REAL', possible loss of data [E:\MouseShifter Source\MouseShifter Refactor\MouseShifter\MouseShifter\MouseShifter.vcxproj]
E:\MouseShifter Source\MouseShifter Refactor\MouseShifter\MouseShifter\UI\Drawing\Drawing_Gears.cpp(99,86): warning C4244: 'argument': conversion from 'int' to 'Gdiplus::REAL', possible loss of data [E:\MouseShifter Source\MouseShifter Refactor\MouseShifter\MouseShifter\MouseShifter.vcxproj]
E:\MouseShifter Source\MouseShifter Refactor\MouseShifter\MouseShifter\UI\Drawing\Drawing_ReverseGear.cpp(39,33): warning C4244: 'argument': conversion from 'int' to 'Gdiplus::REAL', possible loss of data [E:\MouseShifter Source\MouseShifter Refactor\MouseShifter\MouseShifter\MouseShifter.vcxproj]
E:\MouseShifter Source\MouseShifter Refactor\MouseShifter\MouseShifter\UI\Drawing\Drawing_ReverseGear.cpp(43,91): warning C4244: 'argument': conversion from 'int' to 'Gdiplus::REAL', possible loss of data [E:\MouseShifter Source\MouseShifter Refactor\MouseShifter\MouseShifter\MouseShifter.vcxproj]
E:\MouseShifter Source\MouseShifter Refactor\MouseShifter\MouseShifter\UI\Drawing\Drawing_ReverseGear.cpp(43,79): warning C4244: 'argument': conversion from 'int' to 'Gdiplus::REAL', possible loss of data [E:\MouseShifter Source\MouseShifter Refactor\MouseShifter\MouseShifter\MouseShifter.vcxproj]
E:\MouseShifter Source\MouseShifter Refactor\MouseShifter\MouseShifter\UI\Drawing\Drawing_GhostKnob.cpp(18,25): warning C4244: 'argument': conversion from 'float' to 'INT', possible loss of data [E:\MouseShifter Source\MouseShifter Refactor\MouseShifter\MouseShifter\MouseShifter.vcxproj]
E:\MouseShifter Source\MouseShifter Refactor\MouseShifter\MouseShifter\UI\Drawing\Drawing_GhostKnob.cpp(17,25): warning C4244: 'argument': conversion from 'float' to 'INT', possible loss of data [E:\MouseShifter Source\MouseShifter Refactor\MouseShifter\MouseShifter\MouseShifter.vcxproj]
E:\MouseShifter Source\MouseShifter Refactor\MouseShifter\MouseShifter\UI\Drawing\Drawing_GhostKnob.cpp(16,28): warning C4244: 'argument': conversion from 'float' to 'INT', possible loss of data [E:\MouseShifter Source\MouseShifter Refactor\MouseShifter\MouseShifter\MouseShifter.vcxproj]
E:\MouseShifter Source\MouseShifter Refactor\MouseShifter\MouseShifter\UI\Drawing\Drawing_GhostKnob.cpp(15,28): warning C4244: 'argument': conversion from 'float' to 'INT', possible loss of data [E:\MouseShifter Source\MouseShifter Refactor\MouseShifter\MouseShifter\MouseShifter.vcxproj]
E:\MouseShifter Source\MouseShifter Refactor\MouseShifter\MouseShifter\UI\Drawing\Drawing_GhostKnob.cpp(25,65): warning C4244: 'argument': conversion from 'INT' to 'Gdiplus::REAL', possible loss of data [E:\MouseShifter Source\MouseShifter Refactor\MouseShifter\MouseShifter\MouseShifter.vcxproj]
E:\MouseShifter Source\MouseShifter Refactor\MouseShifter\MouseShifter\UI\Drawing\Drawing_MainKnob.cpp(134,50): warning C4244: 'argument': conversion from 'LONG' to 'Gdiplus::REAL', possible loss of data [E:\MouseShifter Source\MouseShifter Refactor\MouseShifter\MouseShifter\MouseShifter.vcxproj]
E:\MouseShifter Source\MouseShifter Refactor\MouseShifter\MouseShifter\UI\Drawing\Drawing_MainKnob.cpp(139,27): warning C4244: 'argument': conversion from 'LONG' to 'Gdiplus::REAL', possible loss of data [E:\MouseShifter Source\MouseShifter Refactor\MouseShifter\MouseShifter\MouseShifter.vcxproj]
E:\MouseShifter Source\MouseShifter Refactor\MouseShifter\MouseShifter\UI\Drawing\Drawing_MainKnob.cpp(144,50): warning C4244: 'argument': conversion from 'LONG' to 'Gdiplus::REAL', possible loss of data [E:\MouseShifter Source\MouseShifter Refactor\MouseShifter\MouseShifter\MouseShifter.vcxproj]
E:\MouseShifter Source\MouseShifter Refactor\MouseShifter\MouseShifter\UI\Drawing\Drawing_MainKnob.cpp(389,52): warning C4244: 'argument': conversion from 'LONG' to 'Gdiplus::REAL', possible loss of data [E:\MouseShifter Source\MouseShifter Refactor\MouseShifter\MouseShifter\MouseShifter.vcxproj]
E:\MouseShifter Source\MouseShifter Refactor\MouseShifter\MouseShifter\UI\Drawing\Drawing_MainKnob.cpp(389,41): warning C4244: 'argument': conversion from 'LONG' to 'Gdiplus::REAL', possible loss of data [E:\MouseShifter Source\MouseShifter Refactor\MouseShifter\MouseShifter\MouseShifter.vcxproj]
E:\MouseShifter Source\MouseShifter Refactor\MouseShifter\MouseShifter\UI\Drawing\Drawing_MainKnob.cpp(397,38): warning C4244: 'argument': conversion from 'LONG' to 'Gdiplus::REAL', possible loss of data [E:\MouseShifter Source\MouseShifter Refactor\MouseShifter\MouseShifter\MouseShifter.vcxproj]
E:\MouseShifter Source\MouseShifter Refactor\MouseShifter\MouseShifter\UI\Drawing\Drawing_MainKnob.cpp(408,43): warning C4244: 'argument': conversion from 'LONG' to 'Gdiplus::REAL', possible loss of data [E:\MouseShifter Source\MouseShifter Refactor\MouseShifter\MouseShifter\MouseShifter.vcxproj]
E:\MouseShifter Source\MouseShifter Refactor\MouseShifter\MouseShifter\UI\Drawing\Drawing_IndicatorBars.cpp(148,29): warning C4244: 'initializing': conversion from 'float' to 'int', possible loss of data [E:\MouseShifter Source\MouseShifter Refactor\MouseShifter\MouseShifter\MouseShifter.vcxproj]
E:\MouseShifter Source\MouseShifter Refactor\MouseShifter\MouseShifter\UI\Settings\Settings_LayoutsAndProfiles.cpp(184,25): warning C4244: 'initializing': conversion from 'LONG' to 'float', possible loss of data [E:\MouseShifter Source\MouseShifter Refactor\MouseShifter\MouseShifter\MouseShifter.vcxproj]
E:\MouseShifter Source\MouseShifter Refactor\MouseShifter\MouseShifter\UI\Settings\Settings_LayoutsAndProfiles.cpp(221,30): error C2188: '128209': too big for wide character [E:\MouseShifter Source\MouseShifter Refactor\MouseShifter\MouseShifter\MouseShifter.vcxproj]
E:\MouseShifter Source\MouseShifter Refactor\MouseShifter\MouseShifter\UI\Settings\Settings_LayoutsAndProfiles.cpp(223,68): error C2188: '128465': too big for wide character [E:\MouseShifter Source\MouseShifter Refactor\MouseShifter\MouseShifter\MouseShifter.vcxproj]
E:\MouseShifter Source\MouseShifter Refactor\MouseShifter\MouseShifter\UI\Settings\Settings_LayoutsAndProfiles.cpp(226,34): warning C4244: '+=': conversion from 'float' to 'int', possible loss of data [E:\MouseShifter Source\MouseShifter Refactor\MouseShifter\MouseShifter\MouseShifter.vcxproj]
E:\MouseShifter Source\MouseShifter Refactor\MouseShifter\MouseShifter\UI\Settings\Settings_VJoyAndKeybinds.cpp(43,82): warning C4267: 'initializing': conversion from 'size_t' to 'int', possible loss of data [E:\MouseShifter Source\MouseShifter Refactor\MouseShifter\MouseShifter\MouseShifter.vcxproj]
E:\MouseShifter Source\MouseShifter Refactor\MouseShifter\MouseShifter\UI\Settings\Settings_VJoyAndKeybinds.cpp(50,86): warning C4267: 'initializing': conversion from 'size_t' to 'int', possible loss of data [E:\MouseShifter Source\MouseShifter Refactor\MouseShifter\MouseShifter\MouseShifter.vcxproj]
E:\MouseShifter Source\MouseShifter Refactor\MouseShifter\MouseShifter\UI\Settings\Settings_VJoyAndKeybinds.cpp(57,83): warning C4267: 'initializing': conversion from 'size_t' to 'int', possible loss of data [E:\MouseShifter Source\MouseShifter Refactor\MouseShifter\MouseShifter\MouseShifter.vcxproj]
E:\MouseShifter Source\MouseShifter Refactor\MouseShifter\MouseShifter\UI\Handlers\ShifterUI_Overlays.cpp(110,114): warning C4244: 'argument': conversion from 'int' to 'Gdiplus::REAL', possible loss of data [E:\MouseShifter Source\MouseShifter Refactor\MouseShifter\MouseShifter\MouseShifter.vcxproj]
E:\MouseShifter Source\MouseShifter Refactor\MouseShifter\MouseShifter\UI\Handlers\ShifterUI_Overlays.cpp(110,102): warning C4244: 'argument': conversion from 'int' to 'Gdiplus::REAL', possible loss of data [E:\MouseShifter Source\MouseShifter Refactor\MouseShifter\MouseShifter\MouseShifter.vcxproj]
E:\MouseShifter Source\MouseShifter Refactor\MouseShifter\MouseShifter\UI\Handlers\ShifterUI_Overlays.cpp(110,97): warning C4244: 'argument': conversion from 'int' to 'Gdiplus::REAL', possible loss of data [E:\MouseShifter Source\MouseShifter Refactor\MouseShifter\MouseShifter\MouseShifter.vcxproj]
E:\MouseShifter Source\MouseShifter Refactor\MouseShifter\MouseShifter\UI\Handlers\ShifterUI_Overlays.cpp(110,56): warning C4244: 'argument': conversion from 'int' to 'Gdiplus::REAL', possible loss of data [E:\MouseShifter Source\MouseShifter Refactor\MouseShifter\MouseShifter\MouseShifter.vcxproj]
E:\MouseShifter Source\MouseShifter Refactor\MouseShifter\MouseShifter\UI\Handlers\ShifterUI_Overlays.cpp(116,120): warning C4244: 'argument': conversion from 'int' to 'Gdiplus::REAL', possible loss of data [E:\MouseShifter Source\MouseShifter Refactor\MouseShifter\MouseShifter\MouseShifter.vcxproj]
E:\MouseShifter Source\MouseShifter Refactor\MouseShifter\MouseShifter\UI\Handlers\ShifterUI_Overlays.cpp(116,108): warning C4244: 'argument': conversion from 'int' to 'Gdiplus::REAL', possible loss of data [E:\MouseShifter Source\MouseShifter Refactor\MouseShifter\MouseShifter\MouseShifter.vcxproj]
E:\MouseShifter Source\MouseShifter Refactor\MouseShifter\MouseShifter\UI\Handlers\ShifterUI_Overlays.cpp(116,103): warning C4244: 'argument': conversion from 'int' to 'Gdiplus::REAL', possible loss of data [E:\MouseShifter Source\MouseShifter Refactor\MouseShifter\MouseShifter\MouseShifter.vcxproj]
E:\MouseShifter Source\MouseShifter Refactor\MouseShifter\MouseShifter\UI\Handlers\ShifterUI_Overlays.cpp(116,58): warning C4244: 'argument': conversion from 'int' to 'Gdiplus::REAL', possible loss of data [E:\MouseShifter Source\MouseShifter Refactor\MouseShifter\MouseShifter\MouseShifter.vcxproj]
E:\MouseShifter Source\MouseShifter Refactor\MouseShifter\MouseShifter\UI\Handlers\Graphics_StaticElements.cpp(318,32): warning C4244: 'argument': conversion from 'int' to 'Gdiplus::REAL', possible loss of data [E:\MouseShifter Source\MouseShifter Refactor\MouseShifter\MouseShifter\MouseShifter.vcxproj]
E:\MouseShifter Source\MouseShifter Refactor\MouseShifter\MouseShifter\UI\Handlers\Graphics_StaticElements.cpp(336,95): warning C4244: 'argument': conversion from 'int' to 'Gdiplus::REAL', possible loss of data [E:\MouseShifter Source\MouseShifter Refactor\MouseShifter\MouseShifter\MouseShifter.vcxproj]
E:\MouseShifter Source\MouseShifter Refactor\MouseShifter\MouseShifter\UI\Handlers\Graphics_StaticElements.cpp(336,90): warning C4244: 'argument': conversion from 'int' to 'Gdiplus::REAL', possible loss of data [E:\MouseShifter Source\MouseShifter Refactor\MouseShifter\MouseShifter\MouseShifter.vcxproj]
E:\MouseShifter Source\MouseShifter Refactor\MouseShifter\MouseShifter\UI\Handlers\Graphics_StaticElements.cpp(336,36): warning C4244: 'argument': conversion from 'LONG' to 'Gdiplus::REAL', possible loss of data [E:\MouseShifter Source\MouseShifter Refactor\MouseShifter\MouseShifter\MouseShifter.vcxproj]
E:\MouseShifter Source\MouseShifter Refactor\MouseShifter\MouseShifter\UI\Handlers\Graphics_StaticElements.cpp(348,84): warning C4244: 'argument': conversion from 'int' to 'Gdiplus::REAL', possible loss of data [E:\MouseShifter Source\MouseShifter Refactor\MouseShifter\MouseShifter\MouseShifter.vcxproj]
E:\MouseShifter Source\MouseShifter Refactor\MouseShifter\MouseShifter\UI\Handlers\Graphics_StaticElements.cpp(356,86): warning C4244: 'argument': conversion from 'int' to 'Gdiplus::REAL', possible loss of data [E:\MouseShifter Source\MouseShifter Refactor\MouseShifter\MouseShifter\MouseShifter.vcxproj]
E:\MouseShifter Source\MouseShifter Refactor\MouseShifter\MouseShifter\UI\Handlers\Graphics_StaticElements.cpp(401,33): warning C4244: 'argument': conversion from 'int' to 'Gdiplus::REAL', possible loss of data [E:\MouseShifter Source\MouseShifter Refactor\MouseShifter\MouseShifter\MouseShifter.vcxproj]
E:\MouseShifter Source\MouseShifter Refactor\MouseShifter\MouseShifter\UI\Handlers\Graphics_StaticElements.cpp(405,91): warning C4244: 'argument': conversion from 'int' to 'Gdiplus::REAL', possible loss of data [E:\MouseShifter Source\MouseShifter Refactor\MouseShifter\MouseShifter\MouseShifter.vcxproj]
E:\MouseShifter Source\MouseShifter Refactor\MouseShifter\MouseShifter\UI\Handlers\Graphics_StaticElements.cpp(405,79): warning C4244: 'argument': conversion from 'int' to 'Gdiplus::REAL', possible loss of data [E:\MouseShifter Source\MouseShifter Refactor\MouseShifter\MouseShifter\MouseShifter.vcxproj]
E:\MouseShifter Source\MouseShifter Refactor\MouseShifter\MouseShifter\UI\Borderless\Borderless_GhostKnob.cpp(15,25): warning C4244: 'argument': conversion from 'float' to 'INT', possible loss of data [E:\MouseShifter Source\MouseShifter Refactor\MouseShifter\MouseShifter\MouseShifter.vcxproj]
E:\MouseShifter Source\MouseShifter Refactor\MouseShifter\MouseShifter\UI\Borderless\Borderless_GhostKnob.cpp(14,25): warning C4244: 'argument': conversion from 'float' to 'INT', possible loss of data [E:\MouseShifter Source\MouseShifter Refactor\MouseShifter\MouseShifter\MouseShifter.vcxproj]
E:\MouseShifter Source\MouseShifter Refactor\MouseShifter\MouseShifter\UI\Borderless\Borderless_GhostKnob.cpp(13,28): warning C4244: 'argument': conversion from 'float' to 'INT', possible loss of data [E:\MouseShifter Source\MouseShifter Refactor\MouseShifter\MouseShifter\MouseShifter.vcxproj]
E:\MouseShifter Source\MouseShifter Refactor\MouseShifter\MouseShifter\UI\Borderless\Borderless_GhostKnob.cpp(12,28): warning C4244: 'argument': conversion from 'float' to 'INT', possible loss of data [E:\MouseShifter Source\MouseShifter Refactor\MouseShifter\MouseShifter\MouseShifter.vcxproj]
E:\MouseShifter Source\MouseShifter Refactor\MouseShifter\MouseShifter\UI\Borderless\Borderless_GhostKnob.cpp(22,74): warning C4244: 'argument': conversion from 'INT' to 'Gdiplus::REAL', possible loss of data [E:\MouseShifter Source\MouseShifter Refactor\MouseShifter\MouseShifter\MouseShifter.vcxproj]
E:\MouseShifter Source\MouseShifter Refactor\MouseShifter\MouseShifter\UI\Borderless\Borderless_MainKnob.cpp(167,50): warning C4244: 'argument': conversion from 'LONG' to 'Gdiplus::REAL', possible loss of data [E:\MouseShifter Source\MouseShifter Refactor\MouseShifter\MouseShifter\MouseShifter.vcxproj]
E:\MouseShifter Source\MouseShifter Refactor\MouseShifter\MouseShifter\UI\Borderless\Borderless_MainKnob.cpp(172,27): warning C4244: 'argument': conversion from 'LONG' to 'Gdiplus::REAL', possible loss of data [E:\MouseShifter Source\MouseShifter Refactor\MouseShifter\MouseShifter\MouseShifter.vcxproj]
E:\MouseShifter Source\MouseShifter Refactor\MouseShifter\MouseShifter\UI\Borderless\Borderless_MainKnob.cpp(177,50): warning C4244: 'argument': conversion from 'LONG' to 'Gdiplus::REAL', possible loss of data [E:\MouseShifter Source\MouseShifter Refactor\MouseShifter\MouseShifter\MouseShifter.vcxproj]
E:\MouseShifter Source\MouseShifter Refactor\MouseShifter\MouseShifter\UI\Borderless\Borderless_MainKnob.cpp(423,52): warning C4244: 'argument': conversion from 'LONG' to 'Gdiplus::REAL', possible loss of data [E:\MouseShifter Source\MouseShifter Refactor\MouseShifter\MouseShifter\MouseShifter.vcxproj]
E:\MouseShifter Source\MouseShifter Refactor\MouseShifter\MouseShifter\UI\Borderless\Borderless_MainKnob.cpp(423,41): warning C4244: 'argument': conversion from 'LONG' to 'Gdiplus::REAL', possible loss of data [E:\MouseShifter Source\MouseShifter Refactor\MouseShifter\MouseShifter\MouseShifter.vcxproj]
E:\MouseShifter Source\MouseShifter Refactor\MouseShifter\MouseShifter\UI\Borderless\Borderless_MainKnob.cpp(431,38): warning C4244: 'argument': conversion from 'LONG' to 'Gdiplus::REAL', possible loss of data [E:\MouseShifter Source\MouseShifter Refactor\MouseShifter\MouseShifter\MouseShifter.vcxproj]
E:\MouseShifter Source\MouseShifter Refactor\MouseShifter\MouseShifter\UI\Borderless\Borderless_MainKnob.cpp(442,43): warning C4244: 'argument': conversion from 'LONG' to 'Gdiplus::REAL', possible loss of data [E:\MouseShifter Source\MouseShifter Refactor\MouseShifter\MouseShifter\MouseShifter.vcxproj]
E:\MouseShifter Source\MouseShifter Refactor\MouseShifter\MouseShifter\UI\Borderless\Borderless_IndicatorBars.cpp(67,29): warning C4244: 'initializing': conversion from 'float' to 'int', possible loss of data [E:\MouseShifter Source\MouseShifter Refactor\MouseShifter\MouseShifter\MouseShifter.vcxproj]
E:\MouseShifter Source\MouseShifter Refactor\MouseShifter\MouseShifter\UI\Math\Math_XBar.cpp(62,25): warning C4244: 'initializing': conversion from 'float' to 'int', possible loss of data [E:\MouseShifter Source\MouseShifter Refactor\MouseShifter\MouseShifter\MouseShifter.vcxproj]
E:\MouseShifter Source\MouseShifter Refactor\MouseShifter\MouseShifter\UI\Math\Math_XBar.cpp(116,25): warning C4244: 'initializing': conversion from 'float' to 'int', possible loss of data [E:\MouseShifter Source\MouseShifter Refactor\MouseShifter\MouseShifter\MouseShifter.vcxproj]
E:\MouseShifter Source\MouseShifter Refactor\MouseShifter\MouseShifter\UI\Math\Math_XBar.cpp(176,25): warning C4244: 'initializing': conversion from 'float' to 'int', possible loss of data [E:\MouseShifter Source\MouseShifter Refactor\MouseShifter\MouseShifter\MouseShifter.vcxproj]
E:\MouseShifter Source\MouseShifter Refactor\MouseShifter\MouseShifter\Input\Submodules\XInput_Knob_Physics.cpp(22,31): warning C4244: '=': conversion from 'double' to 'float', possible loss of data [E:\MouseShifter Source\MouseShifter Refactor\MouseShifter\MouseShifter\MouseShifter.vcxproj]
E:\MouseShifter Source\MouseShifter Refactor\MouseShifter\MouseShifter\Input\Submodules\XInput_Knob_Physics.cpp(78,51): warning C4244: 'argument': conversion from 'WORD' to 'UCHAR', possible loss of data [E:\MouseShifter Source\MouseShifter Refactor\MouseShifter\MouseShifter\MouseShifter.vcxproj]
E:\MouseShifter Source\MouseShifter Refactor\MouseShifter\MouseShifter\Input\Submodules\XInput_Knob_Physics.cpp(322,47): warning C4244: 'argument': conversion from 'WORD' to 'UCHAR', possible loss of data [E:\MouseShifter Source\MouseShifter Refactor\MouseShifter\MouseShifter\MouseShifter.vcxproj]
E:\MouseShifter Source\MouseShifter Refactor\MouseShifter\MouseShifter\Input\Submodules\XInput_Knob_Transparency.cpp(29,42): warning C4244: 'argument': conversion from 'WORD' to 'UCHAR', possible loss of data [E:\MouseShifter Source\MouseShifter Refactor\MouseShifter\MouseShifter\MouseShifter.vcxproj]
E:\MouseShifter Source\MouseShifter Refactor\MouseShifter\MouseShifter\Input\Submodules\XInput_Knob_Transparency.cpp(55,43): warning C4244: 'argument': conversion from 'WORD' to 'UCHAR', possible loss of data [E:\MouseShifter Source\MouseShifter Refactor\MouseShifter\MouseShifter\MouseShifter.vcxproj]
E:\MouseShifter Source\MouseShifter Refactor\MouseShifter\MouseShifter\Input\Submodules\XInput_Knob_Transparency.cpp(135,66): warning C4267: 'initializing': conversion from 'size_t' to 'BYTE', possible loss of data [E:\MouseShifter Source\MouseShifter Refactor\MouseShifter\MouseShifter\MouseShifter.vcxproj]
E:\MouseShifter Source\MouseShifter Refactor\MouseShifter\MouseShifter\Input\Submodules\XInput_vJoy.cpp(31,34): warning C4244: '=': conversion from 'double' to 'LONG', possible loss of data [E:\MouseShifter Source\MouseShifter Refactor\MouseShifter\MouseShifter\MouseShifter.vcxproj]
E:\MouseShifter Source\MouseShifter Refactor\MouseShifter\MouseShifter\Input\Submodules\Input_Pedals.cpp(44,21): warning C4244: 'initializing': conversion from 'double' to 'float', possible loss of data [E:\MouseShifter Source\MouseShifter Refactor\MouseShifter\MouseShifter\MouseShifter.vcxproj]
E:\MouseShifter Source\MouseShifter Refactor\MouseShifter\MouseShifter\Windows\Mechanics\Input_Mouse_PRNDL.cpp(23,47): warning C4244: '=': conversion from 'double' to 'float', possible loss of data [E:\MouseShifter Source\MouseShifter Refactor\MouseShifter\MouseShifter\MouseShifter.vcxproj]
E:\MouseShifter Source\MouseShifter Refactor\MouseShifter\MouseShifter\Windows\Mechanics\Input_MousePhysics.cpp(83,62): warning C4244: 'argument': conversion from 'WORD' to 'UCHAR', possible loss of data [E:\MouseShifter Source\MouseShifter Refactor\MouseShifter\MouseShifter\MouseShifter.vcxproj]
E:\MouseShifter Source\MouseShifter Refactor\MouseShifter\MouseShifter\Windows\Mechanics\Input_MousePhysics.cpp(121,59): warning C4244: 'argument': conversion from 'WORD' to 'UCHAR', possible loss of data [E:\MouseShifter Source\MouseShifter Refactor\MouseShifter\MouseShifter\MouseShifter.vcxproj]
E:\MouseShifter Source\MouseShifter Refactor\MouseShifter\MouseShifter\Windows\WindowProc.cpp(134,68): warning C4267: '=': conversion from 'size_t' to 'int', possible loss of data [E:\MouseShifter Source\MouseShifter Refactor\MouseShifter\MouseShifter\MouseShifter.vcxproj]
E:\MouseShifter Source\MouseShifter Refactor\MouseShifter\MouseShifter\Windows\MouseEvents\LButtonDown_Dropdowns.cpp(55,102): warning C4267: 'initializing': conversion from 'size_t' to 'int', possible loss of data [E:\MouseShifter Source\MouseShifter Refactor\MouseShifter\MouseShifter\MouseShifter.vcxproj]
E:\MouseShifter Source\MouseShifter Refactor\MouseShifter\MouseShifter\Windows\MouseEvents\LButtonDown_Dropdowns.cpp(102,106): warning C4267: 'initializing': conversion from 'size_t' to 'int', possible loss of data [E:\MouseShifter Source\MouseShifter Refactor\MouseShifter\MouseShifter\MouseShifter.vcxproj]
E:\MouseShifter Source\MouseShifter Refactor\MouseShifter\MouseShifter\Windows\MouseEvents\LButtonDown_Profiles.cpp(42,62): warning C4267: '=': conversion from 'size_t' to 'int', possible loss of data [E:\MouseShifter Source\MouseShifter Refactor\MouseShifter\MouseShifter\MouseShifter.vcxproj]
E:\MouseShifter Source\MouseShifter Refactor\MouseShifter\MouseShifter\Windows\MouseEvents\LButtonDown_Panels.cpp(18,78): warning C4267: 'initializing': conversion from 'size_t' to 'int', possible loss of data [E:\MouseShifter Source\MouseShifter Refactor\MouseShifter\MouseShifter\MouseShifter.vcxproj]
E:\MouseShifter Source\MouseShifter Refactor\MouseShifter\MouseShifter\Windows\MouseEvents\LButtonDown_Panels.cpp(64,82): warning C4267: 'initializing': conversion from 'size_t' to 'int', possible loss of data [E:\MouseShifter Source\MouseShifter Refactor\MouseShifter\MouseShifter\MouseShifter.vcxproj]
E:\MouseShifter Source\MouseShifter Refactor\MouseShifter\MouseShifter\Windows\MouseEvents\LButtonDown_Settings.cpp(59,66): warning C4267: '=': conversion from 'size_t' to 'int', possible loss of data [E:\MouseShifter Source\MouseShifter Refactor\MouseShifter\MouseShifter\MouseShifter.vcxproj]
E:\MouseShifter Source\MouseShifter Refactor\MouseShifter\MouseShifter\Windows\MouseEvents\LButtonDown_Settings.cpp(93,66): warning C4267: '=': conversion from 'size_t' to 'int', possible loss of data [E:\MouseShifter Source\MouseShifter Refactor\MouseShifter\MouseShifter\MouseShifter.vcxproj]
E:\MouseShifter Source\MouseShifter Refactor\MouseShifter\MouseShifter\Windows\MouseEvents\LButtonDown_Settings.cpp(143,73): warning C4244: 'argument': conversion from 'WORD' to 'UCHAR', possible loss of data [E:\MouseShifter Source\MouseShifter Refactor\MouseShifter\MouseShifter\MouseShifter.vcxproj]
E:\MouseShifter Source\MouseShifter Refactor\MouseShifter\MouseShifter\Windows\MouseEvents\LButtonDown_Settings.cpp(175,58): warning C4244: '=': conversion from 'int' to 'float', possible loss of data [E:\MouseShifter Source\MouseShifter Refactor\MouseShifter\MouseShifter\MouseShifter.vcxproj]
E:\MouseShifter Source\MouseShifter Refactor\MouseShifter\MouseShifter\Windows\MouseEvents\MouseEvents_MouseMove.cpp(79,98): warning C4267: 'initializing': conversion from 'size_t' to 'int', possible loss of data [E:\MouseShifter Source\MouseShifter Refactor\MouseShifter\MouseShifter\MouseShifter.vcxproj]
E:\MouseShifter Source\MouseShifter Refactor\MouseShifter\MouseShifter\Windows\MouseEvents\MouseEvents_MouseMove.cpp(114,102): warning C4267: 'initializing': conversion from 'size_t' to 'int', possible loss of data [E:\MouseShifter Source\MouseShifter Refactor\MouseShifter\MouseShifter\MouseShifter.vcxproj]
E:\MouseShifter Source\MouseShifter Refactor\MouseShifter\MouseShifter\Windows\MouseEvents\MouseEvents_MouseMove.cpp(147,99): warning C4267: 'initializing': conversion from 'size_t' to 'int', possible loss of data [E:\MouseShifter Source\MouseShifter Refactor\MouseShifter\MouseShifter\MouseShifter.vcxproj]
E:\MouseShifter Source\MouseShifter Refactor\MouseShifter\MouseShifter\Windows\MouseEvents\MouseEvents_MouseMove.cpp(208,42): warning C4244: '=': conversion from 'int' to 'float', possible loss of data [E:\MouseShifter Source\MouseShifter Refactor\MouseShifter\MouseShifter\MouseShifter.vcxproj]
E:\MouseShifter Source\MouseShifter Refactor\MouseShifter\MouseShifter\Windows\Timer\Timer_DynamicTransparency.cpp(51,70): warning C4267: 'initializing': conversion from 'size_t' to 'BYTE', possible loss of data [E:\MouseShifter Source\MouseShifter Refactor\MouseShifter\MouseShifter\MouseShifter.vcxproj]
E:\MouseShifter Source\MouseShifter Refactor\MouseShifter\MouseShifter\Windows\WindowProc.cpp(355,40): warning C4244: '=': conversion from 'int' to 'float', possible loss of data [E:\MouseShifter Source\MouseShifter Refactor\MouseShifter\MouseShifter\MouseShifter.vcxproj]
E:\MouseShifter Source\MouseShifter Refactor\MouseShifter\MouseShifter\Windows\WindowProc.cpp(370,42): warning C4244: '=': conversion from 'int' to 'float', possible loss of data [E:\MouseShifter Source\MouseShifter Refactor\MouseShifter\MouseShifter\MouseShifter.vcxproj]
E:\MouseShifter Source\MouseShifter Refactor\MouseShifter\MouseShifter\Core\System\Updater.cpp(269,76): warning C4267: 'argument': conversion from 'size_t' to 'DWORD', possible loss of data [E:\MouseShifter Source\MouseShifter Refactor\MouseShifter\MouseShifter\MouseShifter.vcxproj]
E:\MouseShifter Source\MouseShifter Refactor\MouseShifter\MouseShifter\Core\Config\Config_Load.cpp(69,30): warning C4244: '=': conversion from 'int' to 'float', possible loss of data [E:\MouseShifter Source\MouseShifter Refactor\MouseShifter\MouseShifter\MouseShifter.vcxproj]
E:\MouseShifter Source\MouseShifter Refactor\MouseShifter\MouseShifter\Core\Config\Config_Profiles_Mgr.cpp(73,40): warning C4267: '=': conversion from 'size_t' to 'int', possible loss of data [E:\MouseShifter Source\MouseShifter Refactor\MouseShifter\MouseShifter\MouseShifter.vcxproj]
E:\MouseShifter Source\MouseShifter Refactor\MouseShifter\MouseShifter\Core\Config\Config_Profiles_Mgr.cpp(153,44): warning C4267: '=': conversion from 'size_t' to 'int', possible loss of data [E:\MouseShifter Source\MouseShifter Refactor\MouseShifter\MouseShifter\MouseShifter.vcxproj]
Done Building Project "E:\MouseShifter Source\MouseShifter Refactor\MouseShifter\MouseShifter\MouseShifter.vcxproj" (Rebuild target(s)) -- FAILED.
Done Building Project "E:\MouseShifter Source\MouseShifter Refactor\MouseShifter\MouseShifter.sln" (Rebuild target(s)) -- FAILED.

Build FAILED.

"E:\MouseShifter Source\MouseShifter Refactor\MouseShifter\MouseShifter.sln" (Rebuild target) (1) ->
"E:\MouseShifter Source\MouseShifter Refactor\MouseShifter\MouseShifter\MouseShifter.vcxproj" (Rebuild target) (2) ->
(ClCompile target) -> 
  E:\MouseShifter Source\MouseShifter Refactor\MouseShifter\MouseShifter\Core\Globals\Globals_Logic_Toggles.cpp(84,10): warning C4101: 'buf': unreferenced local variable [E:\MouseShifter Source\MouseShifter Refactor\MouseShifter\MouseShifter\MouseShifter.vcxproj]
  E:\MouseShifter Source\MouseShifter Refactor\MouseShifter\MouseShifter\Input\VJoy\VJoy_GearControl.cpp(30,41): warning C4244: 'argument': conversion from 'WORD' to 'UCHAR', possible loss of data [E:\MouseShifter Source\MouseShifter Refactor\MouseShifter\MouseShifter\MouseShifter.vcxproj]
  E:\MouseShifter Source\MouseShifter Refactor\MouseShifter\MouseShifter\Input\VJoy\VJoy_GearControl.cpp(53,38): warning C4244: 'argument': conversion from 'WORD' to 'UCHAR', possible loss of data [E:\MouseShifter Source\MouseShifter Refactor\MouseShifter\MouseShifter\MouseShifter.vcxproj]
  E:\MouseShifter Source\MouseShifter Refactor\MouseShifter\MouseShifter\Input\VJoy\VJoy_GearControl.cpp(93,41): warning C4244: 'argument': conversion from 'WORD' to 'UCHAR', possible loss of data [E:\MouseShifter Source\MouseShifter Refactor\MouseShifter\MouseShifter\MouseShifter.vcxproj]
  E:\MouseShifter Source\MouseShifter Refactor\MouseShifter\MouseShifter\UI\Drawing\Drawing_Gears.cpp(61,32): warning C4244: 'argument': conversion from 'int' to 'Gdiplus::REAL', possible loss of data [E:\MouseShifter Source\MouseShifter Refactor\MouseShifter\MouseShifter\MouseShifter.vcxproj]
  E:\MouseShifter Source\MouseShifter Refactor\MouseShifter\MouseShifter\UI\Drawing\Drawing_Gears.cpp(79,95): warning C4244: 'argument': conversion from 'int' to 'Gdiplus::REAL', possible loss of data [E:\MouseShifter Source\MouseShifter Refactor\MouseShifter\MouseShifter\MouseShifter.vcxproj]
  E:\MouseShifter Source\MouseShifter Refactor\MouseShifter\MouseShifter\UI\Drawing\Drawing_Gears.cpp(79,90): warning C4244: 'argument': conversion from 'int' to 'Gdiplus::REAL', possible loss of data [E:\MouseShifter Source\MouseShifter Refactor\MouseShifter\MouseShifter\MouseShifter.vcxproj]
  E:\MouseShifter Source\MouseShifter Refactor\MouseShifter\MouseShifter\UI\Drawing\Drawing_Gears.cpp(79,36): warning C4244: 'argument': conversion from 'LONG' to 'Gdiplus::REAL', possible loss of data [E:\MouseShifter Source\MouseShifter Refactor\MouseShifter\MouseShifter\MouseShifter.vcxproj]
  E:\MouseShifter Source\MouseShifter Refactor\MouseShifter\MouseShifter\UI\Drawing\Drawing_Gears.cpp(91,84): warning C4244: 'argument': conversion from 'int' to 'Gdiplus::REAL', possible loss of data [E:\MouseShifter Source\MouseShifter Refactor\MouseShifter\MouseShifter\MouseShifter.vcxproj]
  E:\MouseShifter Source\MouseShifter Refactor\MouseShifter\MouseShifter\UI\Drawing\Drawing_Gears.cpp(99,86): warning C4244: 'argument': conversion from 'int' to 'Gdiplus::REAL', possible loss of data [E:\MouseShifter Source\MouseShifter Refactor\MouseShifter\MouseShifter\MouseShifter.vcxproj]
  E:\MouseShifter Source\MouseShifter Refactor\MouseShifter\MouseShifter\UI\Drawing\Drawing_ReverseGear.cpp(39,33): warning C4244: 'argument': conversion from 'int' to 'Gdiplus::REAL', possible loss of data [E:\MouseShifter Source\MouseShifter Refactor\MouseShifter\MouseShifter\MouseShifter.vcxproj]
  E:\MouseShifter Source\MouseShifter Refactor\MouseShifter\MouseShifter\UI\Drawing\Drawing_ReverseGear.cpp(43,91): warning C4244: 'argument': conversion from 'int' to 'Gdiplus::REAL', possible loss of data [E:\MouseShifter Source\MouseShifter Refactor\MouseShifter\MouseShifter\MouseShifter.vcxproj]
  E:\MouseShifter Source\MouseShifter Refactor\MouseShifter\MouseShifter\UI\Drawing\Drawing_ReverseGear.cpp(43,79): warning C4244: 'argument': conversion from 'int' to 'Gdiplus::REAL', possible loss of data [E:\MouseShifter Source\MouseShifter Refactor\MouseShifter\MouseShifter\MouseShifter.vcxproj]
  E:\MouseShifter Source\MouseShifter Refactor\MouseShifter\MouseShifter\UI\Drawing\Drawing_GhostKnob.cpp(18,25): warning C4244: 'argument': conversion from 'float' to 'INT', possible loss of data [E:\MouseShifter Source\MouseShifter Refactor\MouseShifter\MouseShifter\MouseShifter.vcxproj]
  E:\MouseShifter Source\MouseShifter Refactor\MouseShifter\MouseShifter\UI\Drawing\Drawing_GhostKnob.cpp(17,25): warning C4244: 'argument': conversion from 'float' to 'INT', possible loss of data [E:\MouseShifter Source\MouseShifter Refactor\MouseShifter\MouseShifter\MouseShifter.vcxproj]
  E:\MouseShifter Source\MouseShifter Refactor\MouseShifter\MouseShifter\UI\Drawing\Drawing_GhostKnob.cpp(16,28): warning C4244: 'argument': conversion from 'float' to 'INT', possible loss of data [E:\MouseShifter Source\MouseShifter Refactor\MouseShifter\MouseShifter\MouseShifter.vcxproj]
  E:\MouseShifter Source\MouseShifter Refactor\MouseShifter\MouseShifter\UI\Drawing\Drawing_GhostKnob.cpp(15,28): warning C4244: 'argument': conversion from 'float' to 'INT', possible loss of data [E:\MouseShifter Source\MouseShifter Refactor\MouseShifter\MouseShifter\MouseShifter.vcxproj]
  E:\MouseShifter Source\MouseShifter Refactor\MouseShifter\MouseShifter\UI\Drawing\Drawing_GhostKnob.cpp(25,65): warning C4244: 'argument': conversion from 'INT' to 'Gdiplus::REAL', possible loss of data [E:\MouseShifter Source\MouseShifter Refactor\MouseShifter\MouseShifter\MouseShifter.vcxproj]
  E:\MouseShifter Source\MouseShifter Refactor\MouseShifter\MouseShifter\UI\Drawing\Drawing_MainKnob.cpp(134,50): warning C4244: 'argument': conversion from 'LONG' to 'Gdiplus::REAL', possible loss of data [E:\MouseShifter Source\MouseShifter Refactor\MouseShifter\MouseShifter\MouseShifter.vcxproj]
  E:\MouseShifter Source\MouseShifter Refactor\MouseShifter\MouseShifter\UI\Drawing\Drawing_MainKnob.cpp(139,27): warning C4244: 'argument': conversion from 'LONG' to 'Gdiplus::REAL', possible loss of data [E:\MouseShifter Source\MouseShifter Refactor\MouseShifter\MouseShifter\MouseShifter.vcxproj]
  E:\MouseShifter Source\MouseShifter Refactor\MouseShifter\MouseShifter\UI\Drawing\Drawing_MainKnob.cpp(144,50): warning C4244: 'argument': conversion from 'LONG' to 'Gdiplus::REAL', possible loss of data [E:\MouseShifter Source\MouseShifter Refactor\MouseShifter\MouseShifter\MouseShifter.vcxproj]
  E:\MouseShifter Source\MouseShifter Refactor\MouseShifter\MouseShifter\UI\Drawing\Drawing_MainKnob.cpp(389,52): warning C4244: 'argument': conversion from 'LONG' to 'Gdiplus::REAL', possible loss of data [E:\MouseShifter Source\MouseShifter Refactor\MouseShifter\MouseShifter\MouseShifter.vcxproj]
  E:\MouseShifter Source\MouseShifter Refactor\MouseShifter\MouseShifter\UI\Drawing\Drawing_MainKnob.cpp(389,41): warning C4244: 'argument': conversion from 'LONG' to 'Gdiplus::REAL', possible loss of data [E:\MouseShifter Source\MouseShifter Refactor\MouseShifter\MouseShifter\MouseShifter.vcxproj]
  E:\MouseShifter Source\MouseShifter Refactor\MouseShifter\MouseShifter\UI\Drawing\Drawing_MainKnob.cpp(397,38): warning C4244: 'argument': conversion from 'LONG' to 'Gdiplus::REAL', possible loss of data [E:\MouseShifter Source\MouseShifter Refactor\MouseShifter\MouseShifter\MouseShifter.vcxproj]
  E:\MouseShifter Source\MouseShifter Refactor\MouseShifter\MouseShifter\UI\Drawing\Drawing_MainKnob.cpp(408,43): warning C4244: 'argument': conversion from 'LONG' to 'Gdiplus::REAL', possible loss of data [E:\MouseShifter Source\MouseShifter Refactor\MouseShifter\MouseShifter\MouseShifter.vcxproj]
  E:\MouseShifter Source\MouseShifter Refactor\MouseShifter\MouseShifter\UI\Drawing\Drawing_IndicatorBars.cpp(148,29): warning C4244: 'initializing': conversion from 'float' to 'int', possible loss of data [E:\MouseShifter Source\MouseShifter Refactor\MouseShifter\MouseShifter\MouseShifter.vcxproj]
  E:\MouseShifter Source\MouseShifter Refactor\MouseShifter\MouseShifter\UI\Settings\Settings_LayoutsAndProfiles.cpp(184,25): warning C4244: 'initializing': conversion from 'LONG' to 'float', possible loss of data [E:\MouseShifter Source\MouseShifter Refactor\MouseShifter\MouseShifter\MouseShifter.vcxproj]
  E:\MouseShifter Source\MouseShifter Refactor\MouseShifter\MouseShifter\UI\Settings\Settings_LayoutsAndProfiles.cpp(226,34): warning C4244: '+=': conversion from 'float' to 'int', possible loss of data [E:\MouseShifter Source\MouseShifter Refactor\MouseShifter\MouseShifter\MouseShifter.vcxproj]
  E:\MouseShifter Source\MouseShifter Refactor\MouseShifter\MouseShifter\UI\Settings\Settings_VJoyAndKeybinds.cpp(43,82): warning C4267: 'initializing': conversion from 'size_t' to 'int', possible loss of data [E:\MouseShifter Source\MouseShifter Refactor\MouseShifter\MouseShifter\MouseShifter.vcxproj]
  E:\MouseShifter Source\MouseShifter Refactor\MouseShifter\MouseShifter\UI\Settings\Settings_VJoyAndKeybinds.cpp(50,86): warning C4267: 'initializing': conversion from 'size_t' to 'int', possible loss of data [E:\MouseShifter Source\MouseShifter Refactor\MouseShifter\MouseShifter\MouseShifter.vcxproj]
  E:\MouseShifter Source\MouseShifter Refactor\MouseShifter\MouseShifter\UI\Settings\Settings_VJoyAndKeybinds.cpp(57,83): warning C4267: 'initializing': conversion from 'size_t' to 'int', possible loss of data [E:\MouseShifter Source\MouseShifter Refactor\MouseShifter\MouseShifter\MouseShifter.vcxproj]
  E:\MouseShifter Source\MouseShifter Refactor\MouseShifter\MouseShifter\UI\Handlers\ShifterUI_Overlays.cpp(110,114): warning C4244: 'argument': conversion from 'int' to 'Gdiplus::REAL', possible loss of data [E:\MouseShifter Source\MouseShifter Refactor\MouseShifter\MouseShifter\MouseShifter.vcxproj]
  E:\MouseShifter Source\MouseShifter Refactor\MouseShifter\MouseShifter\UI\Handlers\ShifterUI_Overlays.cpp(110,102): warning C4244: 'argument': conversion from 'int' to 'Gdiplus::REAL', possible loss of data [E:\MouseShifter Source\MouseShifter Refactor\MouseShifter\MouseShifter\MouseShifter.vcxproj]
  E:\MouseShifter Source\MouseShifter Refactor\MouseShifter\MouseShifter\UI\Handlers\ShifterUI_Overlays.cpp(110,97): warning C4244: 'argument': conversion from 'int' to 'Gdiplus::REAL', possible loss of data [E:\MouseShifter Source\MouseShifter Refactor\MouseShifter\MouseShifter\MouseShifter.vcxproj]
  E:\MouseShifter Source\MouseShifter Refactor\MouseShifter\MouseShifter\UI\Handlers\ShifterUI_Overlays.cpp(110,56): warning C4244: 'argument': conversion from 'int' to 'Gdiplus::REAL', possible loss of data [E:\MouseShifter Source\MouseShifter Refactor\MouseShifter\MouseShifter\MouseShifter.vcxproj]
  E:\MouseShifter Source\MouseShifter Refactor\MouseShifter\MouseShifter\UI\Handlers\ShifterUI_Overlays.cpp(116,120): warning C4244: 'argument': conversion from 'int' to 'Gdiplus::REAL', possible loss of data [E:\MouseShifter Source\MouseShifter Refactor\MouseShifter\MouseShifter\MouseShifter.vcxproj]
  E:\MouseShifter Source\MouseShifter Refactor\MouseShifter\MouseShifter\UI\Handlers\ShifterUI_Overlays.cpp(116,108): warning C4244: 'argument': conversion from 'int' to 'Gdiplus::REAL', possible loss of data [E:\MouseShifter Source\MouseShifter Refactor\MouseShifter\MouseShifter\MouseShifter.vcxproj]
  E:\MouseShifter Source\MouseShifter Refactor\MouseShifter\MouseShifter\UI\Handlers\ShifterUI_Overlays.cpp(116,103): warning C4244: 'argument': conversion from 'int' to 'Gdiplus::REAL', possible loss of data [E:\MouseShifter Source\MouseShifter Refactor\MouseShifter\MouseShifter\MouseShifter.vcxproj]
  E:\MouseShifter Source\MouseShifter Refactor\MouseShifter\MouseShifter\UI\Handlers\ShifterUI_Overlays.cpp(116,58): warning C4244: 'argument': conversion from 'int' to 'Gdiplus::REAL', possible loss of data [E:\MouseShifter Source\MouseShifter Refactor\MouseShifter\MouseShifter\MouseShifter.vcxproj]
  E:\MouseShifter Source\MouseShifter Refactor\MouseShifter\MouseShifter\UI\Handlers\Graphics_StaticElements.cpp(318,32): warning C4244: 'argument': conversion from 'int' to 'Gdiplus::REAL', possible loss of data [E:\MouseShifter Source\MouseShifter Refactor\MouseShifter\MouseShifter\MouseShifter.vcxproj]
  E:\MouseShifter Source\MouseShifter Refactor\MouseShifter\MouseShifter\UI\Handlers\Graphics_StaticElements.cpp(336,95): warning C4244: 'argument': conversion from 'int' to 'Gdiplus::REAL', possible loss of data [E:\MouseShifter Source\MouseShifter Refactor\MouseShifter\MouseShifter\MouseShifter.vcxproj]
  E:\MouseShifter Source\MouseShifter Refactor\MouseShifter\MouseShifter\UI\Handlers\Graphics_StaticElements.cpp(336,90): warning C4244: 'argument': conversion from 'int' to 'Gdiplus::REAL', possible loss of data [E:\MouseShifter Source\MouseShifter Refactor\MouseShifter\MouseShifter\MouseShifter.vcxproj]
  E:\MouseShifter Source\MouseShifter Refactor\MouseShifter\MouseShifter\UI\Handlers\Graphics_StaticElements.cpp(336,36): warning C4244: 'argument': conversion from 'LONG' to 'Gdiplus::REAL', possible loss of data [E:\MouseShifter Source\MouseShifter Refactor\MouseShifter\MouseShifter\MouseShifter.vcxproj]
  E:\MouseShifter Source\MouseShifter Refactor\MouseShifter\MouseShifter\UI\Handlers\Graphics_StaticElements.cpp(348,84): warning C4244: 'argument': conversion from 'int' to 'Gdiplus::REAL', possible loss of data [E:\MouseShifter Source\MouseShifter Refactor\MouseShifter\MouseShifter\MouseShifter.vcxproj]
  E:\MouseShifter Source\MouseShifter Refactor\MouseShifter\MouseShifter\UI\Handlers\Graphics_StaticElements.cpp(356,86): warning C4244: 'argument': conversion from 'int' to 'Gdiplus::REAL', possible loss of data [E:\MouseShifter Source\MouseShifter Refactor\MouseShifter\MouseShifter\MouseShifter.vcxproj]
  E:\MouseShifter Source\MouseShifter Refactor\MouseShifter\MouseShifter\UI\Handlers\Graphics_StaticElements.cpp(401,33): warning C4244: 'argument': conversion from 'int' to 'Gdiplus::REAL', possible loss of data [E:\MouseShifter Source\MouseShifter Refactor\MouseShifter\MouseShifter\MouseShifter.vcxproj]
  E:\MouseShifter Source\MouseShifter Refactor\MouseShifter\MouseShifter\UI\Handlers\Graphics_StaticElements.cpp(405,91): warning C4244: 'argument': conversion from 'int' to 'Gdiplus::REAL', possible loss of data [E:\MouseShifter Source\MouseShifter Refactor\MouseShifter\MouseShifter\MouseShifter.vcxproj]
  E:\MouseShifter Source\MouseShifter Refactor\MouseShifter\MouseShifter\UI\Handlers\Graphics_StaticElements.cpp(405,79): warning C4244: 'argument': conversion from 'int' to 'Gdiplus::REAL', possible loss of data [E:\MouseShifter Source\MouseShifter Refactor\MouseShifter\MouseShifter\MouseShifter.vcxproj]
  E:\MouseShifter Source\MouseShifter Refactor\MouseShifter\MouseShifter\UI\Borderless\Borderless_GhostKnob.cpp(15,25): warning C4244: 'argument': conversion from 'float' to 'INT', possible loss of data [E:\MouseShifter Source\MouseShifter Refactor\MouseShifter\MouseShifter\MouseShifter.vcxproj]
  E:\MouseShifter Source\MouseShifter Refactor\MouseShifter\MouseShifter\UI\Borderless\Borderless_GhostKnob.cpp(14,25): warning C4244: 'argument': conversion from 'float' to 'INT', possible loss of data [E:\MouseShifter Source\MouseShifter Refactor\MouseShifter\MouseShifter\MouseShifter.vcxproj]
  E:\MouseShifter Source\MouseShifter Refactor\MouseShifter\MouseShifter\UI\Borderless\Borderless_GhostKnob.cpp(13,28): warning C4244: 'argument': conversion from 'float' to 'INT', possible loss of data [E:\MouseShifter Source\MouseShifter Refactor\MouseShifter\MouseShifter\MouseShifter.vcxproj]
  E:\MouseShifter Source\MouseShifter Refactor\MouseShifter\MouseShifter\UI\Borderless\Borderless_GhostKnob.cpp(12,28): warning C4244: 'argument': conversion from 'float' to 'INT', possible loss of data [E:\MouseShifter Source\MouseShifter Refactor\MouseShifter\MouseShifter\MouseShifter.vcxproj]
  E:\MouseShifter Source\MouseShifter Refactor\MouseShifter\MouseShifter\UI\Borderless\Borderless_GhostKnob.cpp(22,74): warning C4244: 'argument': conversion from 'INT' to 'Gdiplus::REAL', possible loss of data [E:\MouseShifter Source\MouseShifter Refactor\MouseShifter\MouseShifter\MouseShifter.vcxproj]
  E:\MouseShifter Source\MouseShifter Refactor\MouseShifter\MouseShifter\UI\Borderless\Borderless_MainKnob.cpp(167,50): warning C4244: 'argument': conversion from 'LONG' to 'Gdiplus::REAL', possible loss of data [E:\MouseShifter Source\MouseShifter Refactor\MouseShifter\MouseShifter\MouseShifter.vcxproj]
  E:\MouseShifter Source\MouseShifter Refactor\MouseShifter\MouseShifter\UI\Borderless\Borderless_MainKnob.cpp(172,27): warning C4244: 'argument': conversion from 'LONG' to 'Gdiplus::REAL', possible loss of data [E:\MouseShifter Source\MouseShifter Refactor\MouseShifter\MouseShifter\MouseShifter.vcxproj]
  E:\MouseShifter Source\MouseShifter Refactor\MouseShifter\MouseShifter\UI\Borderless\Borderless_MainKnob.cpp(177,50): warning C4244: 'argument': conversion from 'LONG' to 'Gdiplus::REAL', possible loss of data [E:\MouseShifter Source\MouseShifter Refactor\MouseShifter\MouseShifter\MouseShifter.vcxproj]
  E:\MouseShifter Source\MouseShifter Refactor\MouseShifter\MouseShifter\UI\Borderless\Borderless_MainKnob.cpp(423,52): warning C4244: 'argument': conversion from 'LONG' to 'Gdiplus::REAL', possible loss of data [E:\MouseShifter Source\MouseShifter Refactor\MouseShifter\MouseShifter\MouseShifter.vcxproj]
  E:\MouseShifter Source\MouseShifter Refactor\MouseShifter\MouseShifter\UI\Borderless\Borderless_MainKnob.cpp(423,41): warning C4244: 'argument': conversion from 'LONG' to 'Gdiplus::REAL', possible loss of data [E:\MouseShifter Source\MouseShifter Refactor\MouseShifter\MouseShifter\MouseShifter.vcxproj]
  E:\MouseShifter Source\MouseShifter Refactor\MouseShifter\MouseShifter\UI\Borderless\Borderless_MainKnob.cpp(431,38): warning C4244: 'argument': conversion from 'LONG' to 'Gdiplus::REAL', possible loss of data [E:\MouseShifter Source\MouseShifter Refactor\MouseShifter\MouseShifter\MouseShifter.vcxproj]
  E:\MouseShifter Source\MouseShifter Refactor\MouseShifter\MouseShifter\UI\Borderless\Borderless_MainKnob.cpp(442,43): warning C4244: 'argument': conversion from 'LONG' to 'Gdiplus::REAL', possible loss of data [E:\MouseShifter Source\MouseShifter Refactor\MouseShifter\MouseShifter\MouseShifter.vcxproj]
  E:\MouseShifter Source\MouseShifter Refactor\MouseShifter\MouseShifter\UI\Borderless\Borderless_IndicatorBars.cpp(67,29): warning C4244: 'initializing': conversion from 'float' to 'int', possible loss of data [E:\MouseShifter Source\MouseShifter Refactor\MouseShifter\MouseShifter\MouseShifter.vcxproj]
  E:\MouseShifter Source\MouseShifter Refactor\MouseShifter\MouseShifter\UI\Math\Math_XBar.cpp(62,25): warning C4244: 'initializing': conversion from 'float' to 'int', possible loss of data [E:\MouseShifter Source\MouseShifter Refactor\MouseShifter\MouseShifter\MouseShifter.vcxproj]
  E:\MouseShifter Source\MouseShifter Refactor\MouseShifter\MouseShifter\UI\Math\Math_XBar.cpp(116,25): warning C4244: 'initializing': conversion from 'float' to 'int', possible loss of data [E:\MouseShifter Source\MouseShifter Refactor\MouseShifter\MouseShifter\MouseShifter.vcxproj]
  E:\MouseShifter Source\MouseShifter Refactor\MouseShifter\MouseShifter\UI\Math\Math_XBar.cpp(176,25): warning C4244: 'initializing': conversion from 'float' to 'int', possible loss of data [E:\MouseShifter Source\MouseShifter Refactor\MouseShifter\MouseShifter\MouseShifter.vcxproj]
  E:\MouseShifter Source\MouseShifter Refactor\MouseShifter\MouseShifter\Input\Submodules\XInput_Knob_Physics.cpp(22,31): warning C4244: '=': conversion from 'double' to 'float', possible loss of data [E:\MouseShifter Source\MouseShifter Refactor\MouseShifter\MouseShifter\MouseShifter.vcxproj]
  E:\MouseShifter Source\MouseShifter Refactor\MouseShifter\MouseShifter\Input\Submodules\XInput_Knob_Physics.cpp(78,51): warning C4244: 'argument': conversion from 'WORD' to 'UCHAR', possible loss of data [E:\MouseShifter Source\MouseShifter Refactor\MouseShifter\MouseShifter\MouseShifter.vcxproj]
  E:\MouseShifter Source\MouseShifter Refactor\MouseShifter\MouseShifter\Input\Submodules\XInput_Knob_Physics.cpp(322,47): warning C4244: 'argument': conversion from 'WORD' to 'UCHAR', possible loss of data [E:\MouseShifter Source\MouseShifter Refactor\MouseShifter\MouseShifter\MouseShifter.vcxproj]
  E:\MouseShifter Source\MouseShifter Refactor\MouseShifter\MouseShifter\Input\Submodules\XInput_Knob_Transparency.cpp(29,42): warning C4244: 'argument': conversion from 'WORD' to 'UCHAR', possible loss of data [E:\MouseShifter Source\MouseShifter Refactor\MouseShifter\MouseShifter\MouseShifter.vcxproj]
  E:\MouseShifter Source\MouseShifter Refactor\MouseShifter\MouseShifter\Input\Submodules\XInput_Knob_Transparency.cpp(55,43): warning C4244: 'argument': conversion from 'WORD' to 'UCHAR', possible loss of data [E:\MouseShifter Source\MouseShifter Refactor\MouseShifter\MouseShifter\MouseShifter.vcxproj]
  E:\MouseShifter Source\MouseShifter Refactor\MouseShifter\MouseShifter\Input\Submodules\XInput_Knob_Transparency.cpp(135,66): warning C4267: 'initializing': conversion from 'size_t' to 'BYTE', possible loss of data [E:\MouseShifter Source\MouseShifter Refactor\MouseShifter\MouseShifter\MouseShifter.vcxproj]
  E:\MouseShifter Source\MouseShifter Refactor\MouseShifter\MouseShifter\Input\Submodules\XInput_vJoy.cpp(31,34): warning C4244: '=': conversion from 'double' to 'LONG', possible loss of data [E:\MouseShifter Source\MouseShifter Refactor\MouseShifter\MouseShifter\MouseShifter.vcxproj]
  E:\MouseShifter Source\MouseShifter Refactor\MouseShifter\MouseShifter\Input\Submodules\Input_Pedals.cpp(44,21): warning C4244: 'initializing': conversion from 'double' to 'float', possible loss of data [E:\MouseShifter Source\MouseShifter Refactor\MouseShifter\MouseShifter\MouseShifter.vcxproj]
  E:\MouseShifter Source\MouseShifter Refactor\MouseShifter\MouseShifter\Windows\Mechanics\Input_Mouse_PRNDL.cpp(23,47): warning C4244: '=': conversion from 'double' to 'float', possible loss of data [E:\MouseShifter Source\MouseShifter Refactor\MouseShifter\MouseShifter\MouseShifter.vcxproj]
  E:\MouseShifter Source\MouseShifter Refactor\MouseShifter\MouseShifter\Windows\Mechanics\Input_MousePhysics.cpp(83,62): warning C4244: 'argument': conversion from 'WORD' to 'UCHAR', possible loss of data [E:\MouseShifter Source\MouseShifter Refactor\MouseShifter\MouseShifter\MouseShifter.vcxproj]
  E:\MouseShifter Source\MouseShifter Refactor\MouseShifter\MouseShifter\Windows\Mechanics\Input_MousePhysics.cpp(121,59): warning C4244: 'argument': conversion from 'WORD' to 'UCHAR', possible loss of data [E:\MouseShifter Source\MouseShifter Refactor\MouseShifter\MouseShifter\MouseShifter.vcxproj]
  E:\MouseShifter Source\MouseShifter Refactor\MouseShifter\MouseShifter\Windows\WindowProc.cpp(134,68): warning C4267: '=': conversion from 'size_t' to 'int', possible loss of data [E:\MouseShifter Source\MouseShifter Refactor\MouseShifter\MouseShifter\MouseShifter.vcxproj]
  E:\MouseShifter Source\MouseShifter Refactor\MouseShifter\MouseShifter\Windows\MouseEvents\LButtonDown_Dropdowns.cpp(55,102): warning C4267: 'initializing': conversion from 'size_t' to 'int', possible loss of data [E:\MouseShifter Source\MouseShifter Refactor\MouseShifter\MouseShifter\MouseShifter.vcxproj]
  E:\MouseShifter Source\MouseShifter Refactor\MouseShifter\MouseShifter\Windows\MouseEvents\LButtonDown_Dropdowns.cpp(102,106): warning C4267: 'initializing': conversion from 'size_t' to 'int', possible loss of data [E:\MouseShifter Source\MouseShifter Refactor\MouseShifter\MouseShifter\MouseShifter.vcxproj]
  E:\MouseShifter Source\MouseShifter Refactor\MouseShifter\MouseShifter\Windows\MouseEvents\LButtonDown_Profiles.cpp(42,62): warning C4267: '=': conversion from 'size_t' to 'int', possible loss of data [E:\MouseShifter Source\MouseShifter Refactor\MouseShifter\MouseShifter\MouseShifter.vcxproj]
  E:\MouseShifter Source\MouseShifter Refactor\MouseShifter\MouseShifter\Windows\MouseEvents\LButtonDown_Panels.cpp(18,78): warning C4267: 'initializing': conversion from 'size_t' to 'int', possible loss of data [E:\MouseShifter Source\MouseShifter Refactor\MouseShifter\MouseShifter\MouseShifter.vcxproj]
  E:\MouseShifter Source\MouseShifter Refactor\MouseShifter\MouseShifter\Windows\MouseEvents\LButtonDown_Panels.cpp(64,82): warning C4267: 'initializing': conversion from 'size_t' to 'int', possible loss of data [E:\MouseShifter Source\MouseShifter Refactor\MouseShifter\MouseShifter\MouseShifter.vcxproj]
  E:\MouseShifter Source\MouseShifter Refactor\MouseShifter\MouseShifter\Windows\MouseEvents\LButtonDown_Settings.cpp(59,66): warning C4267: '=': conversion from 'size_t' to 'int', possible loss of data [E:\MouseShifter Source\MouseShifter Refactor\MouseShifter\MouseShifter\MouseShifter.vcxproj]
  E:\MouseShifter Source\MouseShifter Refactor\MouseShifter\MouseShifter\Windows\MouseEvents\LButtonDown_Settings.cpp(93,66): warning C4267: '=': conversion from 'size_t' to 'int', possible loss of data [E:\MouseShifter Source\MouseShifter Refactor\MouseShifter\MouseShifter\MouseShifter.vcxproj]
  E:\MouseShifter Source\MouseShifter Refactor\MouseShifter\MouseShifter\Windows\MouseEvents\LButtonDown_Settings.cpp(143,73): warning C4244: 'argument': conversion from 'WORD' to 'UCHAR', possible loss of data [E:\MouseShifter Source\MouseShifter Refactor\MouseShifter\MouseShifter\MouseShifter.vcxproj]
  E:\MouseShifter Source\MouseShifter Refactor\MouseShifter\MouseShifter\Windows\MouseEvents\LButtonDown_Settings.cpp(175,58): warning C4244: '=': conversion from 'int' to 'float', possible loss of data [E:\MouseShifter Source\MouseShifter Refactor\MouseShifter\MouseShifter\MouseShifter.vcxproj]
  E:\MouseShifter Source\MouseShifter Refactor\MouseShifter\MouseShifter\Windows\MouseEvents\MouseEvents_MouseMove.cpp(79,98): warning C4267: 'initializing': conversion from 'size_t' to 'int', possible loss of data [E:\MouseShifter Source\MouseShifter Refactor\MouseShifter\MouseShifter\MouseShifter.vcxproj]
  E:\MouseShifter Source\MouseShifter Refactor\MouseShifter\MouseShifter\Windows\MouseEvents\MouseEvents_MouseMove.cpp(114,102): warning C4267: 'initializing': conversion from 'size_t' to 'int', possible loss of data [E:\MouseShifter Source\MouseShifter Refactor\MouseShifter\MouseShifter\MouseShifter.vcxproj]
  E:\MouseShifter Source\MouseShifter Refactor\MouseShifter\MouseShifter\Windows\MouseEvents\MouseEvents_MouseMove.cpp(147,99): warning C4267: 'initializing': conversion from 'size_t' to 'int', possible loss of data [E:\MouseShifter Source\MouseShifter Refactor\MouseShifter\MouseShifter\MouseShifter.vcxproj]
  E:\MouseShifter Source\MouseShifter Refactor\MouseShifter\MouseShifter\Windows\MouseEvents\MouseEvents_MouseMove.cpp(208,42): warning C4244: '=': conversion from 'int' to 'float', possible loss of data [E:\MouseShifter Source\MouseShifter Refactor\MouseShifter\MouseShifter\MouseShifter.vcxproj]
  E:\MouseShifter Source\MouseShifter Refactor\MouseShifter\MouseShifter\Windows\Timer\Timer_DynamicTransparency.cpp(51,70): warning C4267: 'initializing': conversion from 'size_t' to 'BYTE', possible loss of data [E:\MouseShifter Source\MouseShifter Refactor\MouseShifter\MouseShifter\MouseShifter.vcxproj]
  E:\MouseShifter Source\MouseShifter Refactor\MouseShifter\MouseShifter\Windows\WindowProc.cpp(355,40): warning C4244: '=': conversion from 'int' to 'float', possible loss of data [E:\MouseShifter Source\MouseShifter Refactor\MouseShifter\MouseShifter\MouseShifter.vcxproj]
  E:\MouseShifter Source\MouseShifter Refactor\MouseShifter\MouseShifter\Windows\WindowProc.cpp(370,42): warning C4244: '=': conversion from 'int' to 'float', possible loss of data [E:\MouseShifter Source\MouseShifter Refactor\MouseShifter\MouseShifter\MouseShifter.vcxproj]
  E:\MouseShifter Source\MouseShifter Refactor\MouseShifter\MouseShifter\Core\System\Updater.cpp(269,76): warning C4267: 'argument': conversion from 'size_t' to 'DWORD', possible loss of data [E:\MouseShifter Source\MouseShifter Refactor\MouseShifter\MouseShifter\MouseShifter.vcxproj]
  E:\MouseShifter Source\MouseShifter Refactor\MouseShifter\MouseShifter\Core\Config\Config_Load.cpp(69,30): warning C4244: '=': conversion from 'int' to 'float', possible loss of data [E:\MouseShifter Source\MouseShifter Refactor\MouseShifter\MouseShifter\MouseShifter.vcxproj]
  E:\MouseShifter Source\MouseShifter Refactor\MouseShifter\MouseShifter\Core\Config\Config_Profiles_Mgr.cpp(73,40): warning C4267: '=': conversion from 'size_t' to 'int', possible loss of data [E:\MouseShifter Source\MouseShifter Refactor\MouseShifter\MouseShifter\MouseShifter.vcxproj]
  E:\MouseShifter Source\MouseShifter Refactor\MouseShifter\MouseShifter\Core\Config\Config_Profiles_Mgr.cpp(153,44): warning C4267: '=': conversion from 'size_t' to 'int', possible loss of data [E:\MouseShifter Source\MouseShifter Refactor\MouseShifter\MouseShifter\MouseShifter.vcxproj]


"E:\MouseShifter Source\MouseShifter Refactor\MouseShifter\MouseShifter.sln" (Rebuild target) (1) ->
"E:\MouseShifter Source\MouseShifter Refactor\MouseShifter\MouseShifter\MouseShifter.vcxproj" (Rebuild target) (2) ->
(ClCompile target) -> 
  E:\MouseShifter Source\MouseShifter Refactor\MouseShifter\MouseShifter\UI\Settings\Settings_LayoutsAndProfiles.cpp(221,30): error C2188: '128209': too big for wide character [E:\MouseShifter Source\MouseShifter Refactor\MouseShifter\MouseShifter\MouseShifter.vcxproj]
  E:\MouseShifter Source\MouseShifter Refactor\MouseShifter\MouseShifter\UI\Settings\Settings_LayoutsAndProfiles.cpp(223,68): error C2188: '128465': too big for wide character [E:\MouseShifter Source\MouseShifter Refactor\MouseShifter\MouseShifter\MouseShifter.vcxproj]

    96 Warning(s)
    2 Error(s)

Time Elapsed 00:00:02.21
